// Jest Snapshot v1, https://goo.gl/fbAQLP

exports[`MapCard should match the snapshot 1`] = `
ShallowWrapper {
  "length": 1,
  Symbol(enzyme.__root__): [Circular],
  Symbol(enzyme.__unrendered__): <MapCard
    google={
        Object {
            "maps": Object {},
          }
    }
    userTarget={
        Object {
            "athlete_segment_stats": Object {
              "stats": "hi",
            },
            "end_latlng": Array [
              0,
              1,
            ],
            "name": "parker",
          }
    }
/>,
  Symbol(enzyme.__renderer__): Object {
    "batchedUpdates": [Function],
    "getNode": [Function],
    "render": [Function],
    "simulateEvent": [Function],
    "unmount": [Function],
  },
  Symbol(enzyme.__node__): Object {
    "instance": null,
    "key": undefined,
    "nodeType": "host",
    "props": Object {
      "children": Array [
        <h2
          className="title"
>
          Target
</h2>,
        <div>
          <img
                    src="Spinner-1s-144px.gif"
          />
</div>,
        <div>
          <h3
                    className="target-name"
          >
                    parker
          </h3>
          <div
                    className="map"
                    id="map"
                    style={
                              Object {
                                        "height": "200px",
                                        "width": "200px",
                                      }
                    }
          />
          <span
                    className="card-data goal"
          >
                    Goal Time: 
                    <span
                              className="nums"
                    >
                              0
                               mins
                    </span>
          </span>
          <form
                    className="form"
          >
                    <input
                              className="new-goal"
                              onChange={[Function]}
                              placeholder="Update goal time"
                              type="number"
                              value={0}
                    />
                    <button
                              className="new-segment-button"
                              onClick={[Function]}
                    >
                              <i
                                        className="fas fa-plus"
                              />
                    </button>
          </form>
          <span
                    className="card-data stats"
          >
                    Best Time: 
                    <span
                              className="nums"
                    >
                              NaN
                               mins
                    </span>
          </span>
</div>,
      ],
      "className": "card map-card",
    },
    "ref": null,
    "rendered": Array [
      Object {
        "instance": null,
        "key": undefined,
        "nodeType": "host",
        "props": Object {
          "children": "Target",
          "className": "title",
        },
        "ref": null,
        "rendered": "Target",
        "type": "h2",
      },
      Object {
        "instance": null,
        "key": undefined,
        "nodeType": "host",
        "props": Object {
          "children": <img
            src="Spinner-1s-144px.gif"
/>,
        },
        "ref": null,
        "rendered": Object {
          "instance": null,
          "key": undefined,
          "nodeType": "host",
          "props": Object {
            "src": "Spinner-1s-144px.gif",
          },
          "ref": null,
          "rendered": null,
          "type": "img",
        },
        "type": "div",
      },
      Object {
        "instance": null,
        "key": undefined,
        "nodeType": "host",
        "props": Object {
          "children": Array [
            <h3
              className="target-name"
>
              parker
</h3>,
            <div
              className="map"
              id="map"
              style={
                            Object {
                                          "height": "200px",
                                          "width": "200px",
                                        }
              }
/>,
            <span
              className="card-data goal"
>
              Goal Time: 
              <span
                            className="nums"
              >
                            0
                             mins
              </span>
</span>,
            <form
              className="form"
>
              <input
                            className="new-goal"
                            onChange={[Function]}
                            placeholder="Update goal time"
                            type="number"
                            value={0}
              />
              <button
                            className="new-segment-button"
                            onClick={[Function]}
              >
                            <i
                                          className="fas fa-plus"
                            />
              </button>
</form>,
            <span
              className="card-data stats"
>
              Best Time: 
              <span
                            className="nums"
              >
                            NaN
                             mins
              </span>
</span>,
          ],
        },
        "ref": null,
        "rendered": Array [
          Object {
            "instance": null,
            "key": undefined,
            "nodeType": "host",
            "props": Object {
              "children": "parker",
              "className": "target-name",
            },
            "ref": null,
            "rendered": "parker",
            "type": "h3",
          },
          Object {
            "instance": null,
            "key": undefined,
            "nodeType": "host",
            "props": Object {
              "className": "map",
              "id": "map",
              "style": Object {
                "height": "200px",
                "width": "200px",
              },
            },
            "ref": "map",
            "rendered": null,
            "type": "div",
          },
          Object {
            "instance": null,
            "key": undefined,
            "nodeType": "host",
            "props": Object {
              "children": Array [
                "Goal Time: ",
                <span
                  className="nums"
>
                  0
                   mins
</span>,
              ],
              "className": "card-data goal",
            },
            "ref": null,
            "rendered": Array [
              "Goal Time: ",
              Object {
                "instance": null,
                "key": undefined,
                "nodeType": "host",
                "props": Object {
                  "children": Array [
                    0,
                    " mins",
                  ],
                  "className": "nums",
                },
                "ref": null,
                "rendered": Array [
                  0,
                  " mins",
                ],
                "type": "span",
              },
            ],
            "type": "span",
          },
          Object {
            "instance": null,
            "key": undefined,
            "nodeType": "host",
            "props": Object {
              "children": Array [
                <input
                  className="new-goal"
                  onChange={[Function]}
                  placeholder="Update goal time"
                  type="number"
                  value={0}
/>,
                <button
                  className="new-segment-button"
                  onClick={[Function]}
>
                  <i
                                    className="fas fa-plus"
                  />
</button>,
              ],
              "className": "form",
            },
            "ref": null,
            "rendered": Array [
              Object {
                "instance": null,
                "key": undefined,
                "nodeType": "host",
                "props": Object {
                  "className": "new-goal",
                  "onChange": [Function],
                  "placeholder": "Update goal time",
                  "type": "number",
                  "value": 0,
                },
                "ref": null,
                "rendered": null,
                "type": "input",
              },
              Object {
                "instance": null,
                "key": undefined,
                "nodeType": "host",
                "props": Object {
                  "children": <i
                    className="fas fa-plus"
/>,
                  "className": "new-segment-button",
                  "onClick": [Function],
                },
                "ref": null,
                "rendered": Object {
                  "instance": null,
                  "key": undefined,
                  "nodeType": "host",
                  "props": Object {
                    "className": "fas fa-plus",
                  },
                  "ref": null,
                  "rendered": null,
                  "type": "i",
                },
                "type": "button",
              },
            ],
            "type": "form",
          },
          Object {
            "instance": null,
            "key": undefined,
            "nodeType": "host",
            "props": Object {
              "children": Array [
                "Best Time: ",
                <span
                  className="nums"
>
                  NaN
                   mins
</span>,
              ],
              "className": "card-data stats",
            },
            "ref": null,
            "rendered": Array [
              "Best Time: ",
              Object {
                "instance": null,
                "key": undefined,
                "nodeType": "host",
                "props": Object {
                  "children": Array [
                    "NaN",
                    " mins",
                  ],
                  "className": "nums",
                },
                "ref": null,
                "rendered": Array [
                  "NaN",
                  " mins",
                ],
                "type": "span",
              },
            ],
            "type": "span",
          },
        ],
        "type": "div",
      },
    ],
    "type": "section",
  },
  Symbol(enzyme.__nodes__): Array [
    Object {
      "instance": null,
      "key": undefined,
      "nodeType": "host",
      "props": Object {
        "children": Array [
          <h2
            className="title"
>
            Target
</h2>,
          <div>
            <img
                        src="Spinner-1s-144px.gif"
            />
</div>,
          <div>
            <h3
                        className="target-name"
            >
                        parker
            </h3>
            <div
                        className="map"
                        id="map"
                        style={
                                    Object {
                                                "height": "200px",
                                                "width": "200px",
                                              }
                        }
            />
            <span
                        className="card-data goal"
            >
                        Goal Time: 
                        <span
                                    className="nums"
                        >
                                    0
                                     mins
                        </span>
            </span>
            <form
                        className="form"
            >
                        <input
                                    className="new-goal"
                                    onChange={[Function]}
                                    placeholder="Update goal time"
                                    type="number"
                                    value={0}
                        />
                        <button
                                    className="new-segment-button"
                                    onClick={[Function]}
                        >
                                    <i
                                                className="fas fa-plus"
                                    />
                        </button>
            </form>
            <span
                        className="card-data stats"
            >
                        Best Time: 
                        <span
                                    className="nums"
                        >
                                    NaN
                                     mins
                        </span>
            </span>
</div>,
        ],
        "className": "card map-card",
      },
      "ref": null,
      "rendered": Array [
        Object {
          "instance": null,
          "key": undefined,
          "nodeType": "host",
          "props": Object {
            "children": "Target",
            "className": "title",
          },
          "ref": null,
          "rendered": "Target",
          "type": "h2",
        },
        Object {
          "instance": null,
          "key": undefined,
          "nodeType": "host",
          "props": Object {
            "children": <img
              src="Spinner-1s-144px.gif"
/>,
          },
          "ref": null,
          "rendered": Object {
            "instance": null,
            "key": undefined,
            "nodeType": "host",
            "props": Object {
              "src": "Spinner-1s-144px.gif",
            },
            "ref": null,
            "rendered": null,
            "type": "img",
          },
          "type": "div",
        },
        Object {
          "instance": null,
          "key": undefined,
          "nodeType": "host",
          "props": Object {
            "children": Array [
              <h3
                className="target-name"
>
                parker
</h3>,
              <div
                className="map"
                id="map"
                style={
                                Object {
                                                "height": "200px",
                                                "width": "200px",
                                              }
                }
/>,
              <span
                className="card-data goal"
>
                Goal Time: 
                <span
                                className="nums"
                >
                                0
                                 mins
                </span>
</span>,
              <form
                className="form"
>
                <input
                                className="new-goal"
                                onChange={[Function]}
                                placeholder="Update goal time"
                                type="number"
                                value={0}
                />
                <button
                                className="new-segment-button"
                                onClick={[Function]}
                >
                                <i
                                                className="fas fa-plus"
                                />
                </button>
</form>,
              <span
                className="card-data stats"
>
                Best Time: 
                <span
                                className="nums"
                >
                                NaN
                                 mins
                </span>
</span>,
            ],
          },
          "ref": null,
          "rendered": Array [
            Object {
              "instance": null,
              "key": undefined,
              "nodeType": "host",
              "props": Object {
                "children": "parker",
                "className": "target-name",
              },
              "ref": null,
              "rendered": "parker",
              "type": "h3",
            },
            Object {
              "instance": null,
              "key": undefined,
              "nodeType": "host",
              "props": Object {
                "className": "map",
                "id": "map",
                "style": Object {
                  "height": "200px",
                  "width": "200px",
                },
              },
              "ref": "map",
              "rendered": null,
              "type": "div",
            },
            Object {
              "instance": null,
              "key": undefined,
              "nodeType": "host",
              "props": Object {
                "children": Array [
                  "Goal Time: ",
                  <span
                    className="nums"
>
                    0
                     mins
</span>,
                ],
                "className": "card-data goal",
              },
              "ref": null,
              "rendered": Array [
                "Goal Time: ",
                Object {
                  "instance": null,
                  "key": undefined,
                  "nodeType": "host",
                  "props": Object {
                    "children": Array [
                      0,
                      " mins",
                    ],
                    "className": "nums",
                  },
                  "ref": null,
                  "rendered": Array [
                    0,
                    " mins",
                  ],
                  "type": "span",
                },
              ],
              "type": "span",
            },
            Object {
              "instance": null,
              "key": undefined,
              "nodeType": "host",
              "props": Object {
                "children": Array [
                  <input
                    className="new-goal"
                    onChange={[Function]}
                    placeholder="Update goal time"
                    type="number"
                    value={0}
/>,
                  <button
                    className="new-segment-button"
                    onClick={[Function]}
>
                    <i
                                        className="fas fa-plus"
                    />
</button>,
                ],
                "className": "form",
              },
              "ref": null,
              "rendered": Array [
                Object {
                  "instance": null,
                  "key": undefined,
                  "nodeType": "host",
                  "props": Object {
                    "className": "new-goal",
                    "onChange": [Function],
                    "placeholder": "Update goal time",
                    "type": "number",
                    "value": 0,
                  },
                  "ref": null,
                  "rendered": null,
                  "type": "input",
                },
                Object {
                  "instance": null,
                  "key": undefined,
                  "nodeType": "host",
                  "props": Object {
                    "children": <i
                      className="fas fa-plus"
/>,
                    "className": "new-segment-button",
                    "onClick": [Function],
                  },
                  "ref": null,
                  "rendered": Object {
                    "instance": null,
                    "key": undefined,
                    "nodeType": "host",
                    "props": Object {
                      "className": "fas fa-plus",
                    },
                    "ref": null,
                    "rendered": null,
                    "type": "i",
                  },
                  "type": "button",
                },
              ],
              "type": "form",
            },
            Object {
              "instance": null,
              "key": undefined,
              "nodeType": "host",
              "props": Object {
                "children": Array [
                  "Best Time: ",
                  <span
                    className="nums"
>
                    NaN
                     mins
</span>,
                ],
                "className": "card-data stats",
              },
              "ref": null,
              "rendered": Array [
                "Best Time: ",
                Object {
                  "instance": null,
                  "key": undefined,
                  "nodeType": "host",
                  "props": Object {
                    "children": Array [
                      "NaN",
                      " mins",
                    ],
                    "className": "nums",
                  },
                  "ref": null,
                  "rendered": Array [
                    "NaN",
                    " mins",
                  ],
                  "type": "span",
                },
              ],
              "type": "span",
            },
          ],
          "type": "div",
        },
      ],
      "type": "section",
    },
  ],
  Symbol(enzyme.__options__): Object {
    "adapter": ReactSixteenAdapter {
      "options": Object {
        "enableComponentDidUpdateOnSetState": true,
      },
    },
  },
}
`;
