// Jest Snapshot v1, https://goo.gl/fbAQLP

exports[`header should match the snapshot 1`] = `
ShallowWrapper {
  "length": 1,
  Symbol(enzyme.__root__): [Circular],
  Symbol(enzyme.__unrendered__): <Header />,
  Symbol(enzyme.__renderer__): Object {
    "batchedUpdates": [Function],
    "getNode": [Function],
    "render": [Function],
    "simulateEvent": [Function],
    "unmount": [Function],
  },
  Symbol(enzyme.__node__): Object {
    "instance": null,
    "key": undefined,
    "nodeType": "host",
    "props": Object {
      "children": Array [
        <img
          alt="profile picture"
          className="profile-img"
          src={undefined}
/>,
        <span
          className="welcome"
>
          Welcome, 
</span>,
        <h1
          className="page-title"
>
          C
          <span
                    className="cog"
          >
                    o
          </span>
          g L
          <span
                    className="cog"
          >
                    o
          </span>
          ckr
</h1>,
      ],
      "className": "header-container",
    },
    "ref": null,
    "rendered": Array [
      Object {
        "instance": null,
        "key": undefined,
        "nodeType": "host",
        "props": Object {
          "alt": "profile picture",
          "className": "profile-img",
          "src": undefined,
        },
        "ref": null,
        "rendered": null,
        "type": "img",
      },
      Object {
        "instance": null,
        "key": undefined,
        "nodeType": "host",
        "props": Object {
          "children": Array [
            "Welcome, ",
            undefined,
          ],
          "className": "welcome",
        },
        "ref": null,
        "rendered": Array [
          "Welcome, ",
          undefined,
        ],
        "type": "span",
      },
      Object {
        "instance": null,
        "key": undefined,
        "nodeType": "host",
        "props": Object {
          "children": Array [
            "C",
            <span
              className="cog"
>
              o
</span>,
            "g L",
            <span
              className="cog"
>
              o
</span>,
            "ckr",
          ],
          "className": "page-title",
        },
        "ref": null,
        "rendered": Array [
          "C",
          Object {
            "instance": null,
            "key": undefined,
            "nodeType": "host",
            "props": Object {
              "children": "o",
              "className": "cog",
            },
            "ref": null,
            "rendered": "o",
            "type": "span",
          },
          "g L",
          Object {
            "instance": null,
            "key": undefined,
            "nodeType": "host",
            "props": Object {
              "children": "o",
              "className": "cog",
            },
            "ref": null,
            "rendered": "o",
            "type": "span",
          },
          "ckr",
        ],
        "type": "h1",
      },
    ],
    "type": "header",
  },
  Symbol(enzyme.__nodes__): Array [
    Object {
      "instance": null,
      "key": undefined,
      "nodeType": "host",
      "props": Object {
        "children": Array [
          <img
            alt="profile picture"
            className="profile-img"
            src={undefined}
/>,
          <span
            className="welcome"
>
            Welcome, 
</span>,
          <h1
            className="page-title"
>
            C
            <span
                        className="cog"
            >
                        o
            </span>
            g L
            <span
                        className="cog"
            >
                        o
            </span>
            ckr
</h1>,
        ],
        "className": "header-container",
      },
      "ref": null,
      "rendered": Array [
        Object {
          "instance": null,
          "key": undefined,
          "nodeType": "host",
          "props": Object {
            "alt": "profile picture",
            "className": "profile-img",
            "src": undefined,
          },
          "ref": null,
          "rendered": null,
          "type": "img",
        },
        Object {
          "instance": null,
          "key": undefined,
          "nodeType": "host",
          "props": Object {
            "children": Array [
              "Welcome, ",
              undefined,
            ],
            "className": "welcome",
          },
          "ref": null,
          "rendered": Array [
            "Welcome, ",
            undefined,
          ],
          "type": "span",
        },
        Object {
          "instance": null,
          "key": undefined,
          "nodeType": "host",
          "props": Object {
            "children": Array [
              "C",
              <span
                className="cog"
>
                o
</span>,
              "g L",
              <span
                className="cog"
>
                o
</span>,
              "ckr",
            ],
            "className": "page-title",
          },
          "ref": null,
          "rendered": Array [
            "C",
            Object {
              "instance": null,
              "key": undefined,
              "nodeType": "host",
              "props": Object {
                "children": "o",
                "className": "cog",
              },
              "ref": null,
              "rendered": "o",
              "type": "span",
            },
            "g L",
            Object {
              "instance": null,
              "key": undefined,
              "nodeType": "host",
              "props": Object {
                "children": "o",
                "className": "cog",
              },
              "ref": null,
              "rendered": "o",
              "type": "span",
            },
            "ckr",
          ],
          "type": "h1",
        },
      ],
      "type": "header",
    },
  ],
  Symbol(enzyme.__options__): Object {
    "adapter": ReactSixteenAdapter {
      "options": Object {
        "enableComponentDidUpdateOnSetState": true,
      },
    },
  },
}
`;
