// Jest Snapshot v1, https://goo.gl/fbAQLP

exports[`targetContainer should match the snapshot 1`] = `
ShallowWrapper {
  "length": 1,
  Symbol(enzyme.__root__): [Circular],
  Symbol(enzyme.__unrendered__): <TargetContainer
    google={
        Object {
            "maps": "Google Maps API",
          }
    }
    setUserTarget={[Function]}
    userTarget={
        Object {
            "athlete_segment_stats": Object {
              "effort_count": 8,
              "goalTime": 22.3585,
              "pr_date": "2017-09-17",
              "pr_elapsed_time": 1383,
            },
            "average_grade": 5.4,
            "city": "Golden",
            "distance": 4,
            "elevation_high": 7155,
            "elevation_low": 5912,
            "end_latlng": Array [
              39.731674,
              -105.239256,
            ],
            "name": "Lookout Mountain (Gate-BB Grave)",
            "polyline": "_xpqF",
            "total_elevation_gain": 0,
          }
    }
/>,
  Symbol(enzyme.__renderer__): Object {
    "batchedUpdates": [Function],
    "getNode": [Function],
    "render": [Function],
    "simulateEvent": [Function],
    "unmount": [Function],
  },
  Symbol(enzyme.__node__): Object {
    "instance": null,
    "key": undefined,
    "nodeType": "host",
    "props": Object {
      "children": Array [
        <Connect(MapCard)
          google={
                    Object {
                              "maps": "Google Maps API",
                            }
          }
          userTarget={
                    Object {
                              "athlete_segment_stats": Object {
                                "effort_count": 8,
                                "goalTime": 22.3585,
                                "pr_date": "2017-09-17",
                                "pr_elapsed_time": 1383,
                              },
                              "average_grade": 5.4,
                              "city": "Golden",
                              "distance": 4,
                              "elevation_high": 7155,
                              "elevation_low": 5912,
                              "end_latlng": Array [
                                39.731674,
                                -105.239256,
                              ],
                              "name": "Lookout Mountain (Gate-BB Grave)",
                              "polyline": "_xpqF",
                              "total_elevation_gain": 0,
                            }
          }
/>,
        <div
          className="card"
>
          <span
                    className="card-data"
          >
                    Grade: 
                    <span
                              className="nums"
                    >
                              5.4
                              %
                    </span>
          </span>
          <span
                    className="card-data"
          >
                    Distance: 
                    <span
                              className="nums"
                    >
                              4
                               miles
                    </span>
          </span>
          <span
                    className="card-data"
          >
                    Elevation Gain: 
                    <span
                              className="nums"
                    >
                              1243
                               ft
                    </span>
          </span>
          <span
                    className="card-data"
          >
                    Number of attempts: 
                    <span
                              className="nums"
                    >
                              8
                               
                    </span>
          </span>
          <form>
                    <input
                              className="new-segment-input"
                              onChange={[Function]}
                              placeholder="Add new segment ID#"
                              type="text"
                              value=""
                    />
                    <button
                              className="new-segment-button"
                              onClick={[Function]}
                    >
                              <i
                                        className="fas fa-plus"
                              />
                    </button>
          </form>
</div>,
      ],
    },
    "ref": null,
    "rendered": Array [
      Object {
        "instance": null,
        "key": undefined,
        "nodeType": "class",
        "props": Object {
          "google": Object {
            "maps": "Google Maps API",
          },
          "userTarget": Object {
            "athlete_segment_stats": Object {
              "effort_count": 8,
              "goalTime": 22.3585,
              "pr_date": "2017-09-17",
              "pr_elapsed_time": 1383,
            },
            "average_grade": 5.4,
            "city": "Golden",
            "distance": 4,
            "elevation_high": 7155,
            "elevation_low": 5912,
            "end_latlng": Array [
              39.731674,
              -105.239256,
            ],
            "name": "Lookout Mountain (Gate-BB Grave)",
            "polyline": "_xpqF",
            "total_elevation_gain": 0,
          },
        },
        "ref": null,
        "rendered": null,
        "type": [Function],
      },
      Object {
        "instance": null,
        "key": undefined,
        "nodeType": "host",
        "props": Object {
          "children": Array [
            <span
              className="card-data"
>
              Grade: 
              <span
                            className="nums"
              >
                            5.4
                            %
              </span>
</span>,
            <span
              className="card-data"
>
              Distance: 
              <span
                            className="nums"
              >
                            4
                             miles
              </span>
</span>,
            <span
              className="card-data"
>
              Elevation Gain: 
              <span
                            className="nums"
              >
                            1243
                             ft
              </span>
</span>,
            <span
              className="card-data"
>
              Number of attempts: 
              <span
                            className="nums"
              >
                            8
                             
              </span>
</span>,
            <form>
              <input
                            className="new-segment-input"
                            onChange={[Function]}
                            placeholder="Add new segment ID#"
                            type="text"
                            value=""
              />
              <button
                            className="new-segment-button"
                            onClick={[Function]}
              >
                            <i
                                          className="fas fa-plus"
                            />
              </button>
</form>,
          ],
          "className": "card",
        },
        "ref": null,
        "rendered": Array [
          Object {
            "instance": null,
            "key": undefined,
            "nodeType": "host",
            "props": Object {
              "children": Array [
                "Grade: ",
                <span
                  className="nums"
>
                  5.4
                  %
</span>,
              ],
              "className": "card-data",
            },
            "ref": null,
            "rendered": Array [
              "Grade: ",
              Object {
                "instance": null,
                "key": undefined,
                "nodeType": "host",
                "props": Object {
                  "children": Array [
                    5.4,
                    "%",
                  ],
                  "className": "nums",
                },
                "ref": null,
                "rendered": Array [
                  5.4,
                  "%",
                ],
                "type": "span",
              },
            ],
            "type": "span",
          },
          Object {
            "instance": null,
            "key": undefined,
            "nodeType": "host",
            "props": Object {
              "children": Array [
                "Distance: ",
                <span
                  className="nums"
>
                  4
                   miles
</span>,
              ],
              "className": "card-data",
            },
            "ref": null,
            "rendered": Array [
              "Distance: ",
              Object {
                "instance": null,
                "key": undefined,
                "nodeType": "host",
                "props": Object {
                  "children": Array [
                    4,
                    " miles",
                  ],
                  "className": "nums",
                },
                "ref": null,
                "rendered": Array [
                  4,
                  " miles",
                ],
                "type": "span",
              },
            ],
            "type": "span",
          },
          Object {
            "instance": null,
            "key": undefined,
            "nodeType": "host",
            "props": Object {
              "children": Array [
                "Elevation Gain: ",
                <span
                  className="nums"
>
                  1243
                   ft
</span>,
              ],
              "className": "card-data",
            },
            "ref": null,
            "rendered": Array [
              "Elevation Gain: ",
              Object {
                "instance": null,
                "key": undefined,
                "nodeType": "host",
                "props": Object {
                  "children": Array [
                    1243,
                    " ft",
                  ],
                  "className": "nums",
                },
                "ref": null,
                "rendered": Array [
                  1243,
                  " ft",
                ],
                "type": "span",
              },
            ],
            "type": "span",
          },
          Object {
            "instance": null,
            "key": undefined,
            "nodeType": "host",
            "props": Object {
              "children": Array [
                "Number of attempts: ",
                <span
                  className="nums"
>
                  8
                   
</span>,
              ],
              "className": "card-data",
            },
            "ref": null,
            "rendered": Array [
              "Number of attempts: ",
              Object {
                "instance": null,
                "key": undefined,
                "nodeType": "host",
                "props": Object {
                  "children": Array [
                    8,
                    " ",
                  ],
                  "className": "nums",
                },
                "ref": null,
                "rendered": Array [
                  8,
                  " ",
                ],
                "type": "span",
              },
            ],
            "type": "span",
          },
          Object {
            "instance": null,
            "key": undefined,
            "nodeType": "host",
            "props": Object {
              "children": Array [
                <input
                  className="new-segment-input"
                  onChange={[Function]}
                  placeholder="Add new segment ID#"
                  type="text"
                  value=""
/>,
                <button
                  className="new-segment-button"
                  onClick={[Function]}
>
                  <i
                                    className="fas fa-plus"
                  />
</button>,
                false,
              ],
            },
            "ref": null,
            "rendered": Array [
              Object {
                "instance": null,
                "key": undefined,
                "nodeType": "host",
                "props": Object {
                  "className": "new-segment-input",
                  "onChange": [Function],
                  "placeholder": "Add new segment ID#",
                  "type": "text",
                  "value": "",
                },
                "ref": null,
                "rendered": null,
                "type": "input",
              },
              Object {
                "instance": null,
                "key": undefined,
                "nodeType": "host",
                "props": Object {
                  "children": <i
                    className="fas fa-plus"
/>,
                  "className": "new-segment-button",
                  "onClick": [Function],
                },
                "ref": null,
                "rendered": Object {
                  "instance": null,
                  "key": undefined,
                  "nodeType": "host",
                  "props": Object {
                    "className": "fas fa-plus",
                  },
                  "ref": null,
                  "rendered": null,
                  "type": "i",
                },
                "type": "button",
              },
              false,
            ],
            "type": "form",
          },
        ],
        "type": "div",
      },
    ],
    "type": "main",
  },
  Symbol(enzyme.__nodes__): Array [
    Object {
      "instance": null,
      "key": undefined,
      "nodeType": "host",
      "props": Object {
        "children": Array [
          <Connect(MapCard)
            google={
                        Object {
                                    "maps": "Google Maps API",
                                  }
            }
            userTarget={
                        Object {
                                    "athlete_segment_stats": Object {
                                      "effort_count": 8,
                                      "goalTime": 22.3585,
                                      "pr_date": "2017-09-17",
                                      "pr_elapsed_time": 1383,
                                    },
                                    "average_grade": 5.4,
                                    "city": "Golden",
                                    "distance": 4,
                                    "elevation_high": 7155,
                                    "elevation_low": 5912,
                                    "end_latlng": Array [
                                      39.731674,
                                      -105.239256,
                                    ],
                                    "name": "Lookout Mountain (Gate-BB Grave)",
                                    "polyline": "_xpqF",
                                    "total_elevation_gain": 0,
                                  }
            }
/>,
          <div
            className="card"
>
            <span
                        className="card-data"
            >
                        Grade: 
                        <span
                                    className="nums"
                        >
                                    5.4
                                    %
                        </span>
            </span>
            <span
                        className="card-data"
            >
                        Distance: 
                        <span
                                    className="nums"
                        >
                                    4
                                     miles
                        </span>
            </span>
            <span
                        className="card-data"
            >
                        Elevation Gain: 
                        <span
                                    className="nums"
                        >
                                    1243
                                     ft
                        </span>
            </span>
            <span
                        className="card-data"
            >
                        Number of attempts: 
                        <span
                                    className="nums"
                        >
                                    8
                                     
                        </span>
            </span>
            <form>
                        <input
                                    className="new-segment-input"
                                    onChange={[Function]}
                                    placeholder="Add new segment ID#"
                                    type="text"
                                    value=""
                        />
                        <button
                                    className="new-segment-button"
                                    onClick={[Function]}
                        >
                                    <i
                                                className="fas fa-plus"
                                    />
                        </button>
            </form>
</div>,
        ],
      },
      "ref": null,
      "rendered": Array [
        Object {
          "instance": null,
          "key": undefined,
          "nodeType": "class",
          "props": Object {
            "google": Object {
              "maps": "Google Maps API",
            },
            "userTarget": Object {
              "athlete_segment_stats": Object {
                "effort_count": 8,
                "goalTime": 22.3585,
                "pr_date": "2017-09-17",
                "pr_elapsed_time": 1383,
              },
              "average_grade": 5.4,
              "city": "Golden",
              "distance": 4,
              "elevation_high": 7155,
              "elevation_low": 5912,
              "end_latlng": Array [
                39.731674,
                -105.239256,
              ],
              "name": "Lookout Mountain (Gate-BB Grave)",
              "polyline": "_xpqF",
              "total_elevation_gain": 0,
            },
          },
          "ref": null,
          "rendered": null,
          "type": [Function],
        },
        Object {
          "instance": null,
          "key": undefined,
          "nodeType": "host",
          "props": Object {
            "children": Array [
              <span
                className="card-data"
>
                Grade: 
                <span
                                className="nums"
                >
                                5.4
                                %
                </span>
</span>,
              <span
                className="card-data"
>
                Distance: 
                <span
                                className="nums"
                >
                                4
                                 miles
                </span>
</span>,
              <span
                className="card-data"
>
                Elevation Gain: 
                <span
                                className="nums"
                >
                                1243
                                 ft
                </span>
</span>,
              <span
                className="card-data"
>
                Number of attempts: 
                <span
                                className="nums"
                >
                                8
                                 
                </span>
</span>,
              <form>
                <input
                                className="new-segment-input"
                                onChange={[Function]}
                                placeholder="Add new segment ID#"
                                type="text"
                                value=""
                />
                <button
                                className="new-segment-button"
                                onClick={[Function]}
                >
                                <i
                                                className="fas fa-plus"
                                />
                </button>
</form>,
            ],
            "className": "card",
          },
          "ref": null,
          "rendered": Array [
            Object {
              "instance": null,
              "key": undefined,
              "nodeType": "host",
              "props": Object {
                "children": Array [
                  "Grade: ",
                  <span
                    className="nums"
>
                    5.4
                    %
</span>,
                ],
                "className": "card-data",
              },
              "ref": null,
              "rendered": Array [
                "Grade: ",
                Object {
                  "instance": null,
                  "key": undefined,
                  "nodeType": "host",
                  "props": Object {
                    "children": Array [
                      5.4,
                      "%",
                    ],
                    "className": "nums",
                  },
                  "ref": null,
                  "rendered": Array [
                    5.4,
                    "%",
                  ],
                  "type": "span",
                },
              ],
              "type": "span",
            },
            Object {
              "instance": null,
              "key": undefined,
              "nodeType": "host",
              "props": Object {
                "children": Array [
                  "Distance: ",
                  <span
                    className="nums"
>
                    4
                     miles
</span>,
                ],
                "className": "card-data",
              },
              "ref": null,
              "rendered": Array [
                "Distance: ",
                Object {
                  "instance": null,
                  "key": undefined,
                  "nodeType": "host",
                  "props": Object {
                    "children": Array [
                      4,
                      " miles",
                    ],
                    "className": "nums",
                  },
                  "ref": null,
                  "rendered": Array [
                    4,
                    " miles",
                  ],
                  "type": "span",
                },
              ],
              "type": "span",
            },
            Object {
              "instance": null,
              "key": undefined,
              "nodeType": "host",
              "props": Object {
                "children": Array [
                  "Elevation Gain: ",
                  <span
                    className="nums"
>
                    1243
                     ft
</span>,
                ],
                "className": "card-data",
              },
              "ref": null,
              "rendered": Array [
                "Elevation Gain: ",
                Object {
                  "instance": null,
                  "key": undefined,
                  "nodeType": "host",
                  "props": Object {
                    "children": Array [
                      1243,
                      " ft",
                    ],
                    "className": "nums",
                  },
                  "ref": null,
                  "rendered": Array [
                    1243,
                    " ft",
                  ],
                  "type": "span",
                },
              ],
              "type": "span",
            },
            Object {
              "instance": null,
              "key": undefined,
              "nodeType": "host",
              "props": Object {
                "children": Array [
                  "Number of attempts: ",
                  <span
                    className="nums"
>
                    8
                     
</span>,
                ],
                "className": "card-data",
              },
              "ref": null,
              "rendered": Array [
                "Number of attempts: ",
                Object {
                  "instance": null,
                  "key": undefined,
                  "nodeType": "host",
                  "props": Object {
                    "children": Array [
                      8,
                      " ",
                    ],
                    "className": "nums",
                  },
                  "ref": null,
                  "rendered": Array [
                    8,
                    " ",
                  ],
                  "type": "span",
                },
              ],
              "type": "span",
            },
            Object {
              "instance": null,
              "key": undefined,
              "nodeType": "host",
              "props": Object {
                "children": Array [
                  <input
                    className="new-segment-input"
                    onChange={[Function]}
                    placeholder="Add new segment ID#"
                    type="text"
                    value=""
/>,
                  <button
                    className="new-segment-button"
                    onClick={[Function]}
>
                    <i
                                        className="fas fa-plus"
                    />
</button>,
                  false,
                ],
              },
              "ref": null,
              "rendered": Array [
                Object {
                  "instance": null,
                  "key": undefined,
                  "nodeType": "host",
                  "props": Object {
                    "className": "new-segment-input",
                    "onChange": [Function],
                    "placeholder": "Add new segment ID#",
                    "type": "text",
                    "value": "",
                  },
                  "ref": null,
                  "rendered": null,
                  "type": "input",
                },
                Object {
                  "instance": null,
                  "key": undefined,
                  "nodeType": "host",
                  "props": Object {
                    "children": <i
                      className="fas fa-plus"
/>,
                    "className": "new-segment-button",
                    "onClick": [Function],
                  },
                  "ref": null,
                  "rendered": Object {
                    "instance": null,
                    "key": undefined,
                    "nodeType": "host",
                    "props": Object {
                      "className": "fas fa-plus",
                    },
                    "ref": null,
                    "rendered": null,
                    "type": "i",
                  },
                  "type": "button",
                },
                false,
              ],
              "type": "form",
            },
          ],
          "type": "div",
        },
      ],
      "type": "main",
    },
  ],
  Symbol(enzyme.__options__): Object {
    "adapter": ReactSixteenAdapter {
      "options": Object {
        "enableComponentDidUpdateOnSetState": true,
      },
    },
  },
}
`;
